ian
	Indoors
		star wars micro machines
		nice pen(not mega expensive)
		nice pen type pencil
		Electronic goods
			mini-disk hifi
			Computer bits
				ms mouse with no ball
				new computer
					P600
					128Mb ram
					10Gb HD
					21in Monitor
					56k Modem
					Win98
					Office 2000
					64bit sound
					4mb on board graphics card
			Consoles
				playstation games
					time crisis + gun
				Dreamcast
				playstation 2
				new n64 in seer blue
				n64 games
					Mario party
					Golden eye
					rayman 2
			desktop phone charger
	Outdoors
		golf
			glove
			balls
			trolly
			shoes
			shirt
			trousers
			tank top
			body warmer
		car
			cigeret lighter
			phone charger
			phone holder
			wheels
			MD sterio
			CD slave
jo
	playstation games
		bust-a-move2
	makeup
		nail varnish
			deep pink
			white
			lilace (pink)
			red wine
			glow in dark
		mascara
			volumiza/seperates & cearls
		face cream - anti wrinkle
		Zi For eyes
		bincome plette mix completion kit
	Clothes
		shoes
		Pjs
			M&S - Blue & White check cotton brush long sleve&arm
	bike
	mobile phone case
	gameboy
